
Memory Configuration

Name             Origin             Length             Attributes
FLASH            0x08000000         0x00080000         xr
SRAM             0x20000000         0x00020000         xrw
*default*        0x00000000         0xffffffff

Linker script and memory map

LOAD object/kmath.o
LOAD object/kfloat.o
LOAD object/cm4.o
LOAD object/kstring.o
LOAD object/kmain.o
LOAD object/stm32_startup.o
LOAD object/sys.o
LOAD object/clock.o
LOAD object/usart.o
LOAD object/gpio.o
LOAD object/timer.o
LOAD object/kstdio.o
LOAD object/se7en_segment.o
LOAD object/sys_init.o
LOAD object/unistd.o
LOAD object/times.o
LOAD object/kunistd.o
LOAD object/ktimes.o
LOAD object/syscall.o
LOAD object/test_interrupt.o

.text           0x08000000     0x29f0
                0x08000000                _stext = .
 *(.isr_vector)
 .isr_vector    0x08000000      0x1c4 object/stm32_startup.o
                0x08000000                NVIC_VECTOR
 *(.text)
 .text          0x080001c4       0x4e object/kmath.o
                0x080001c4                __pow
 *fill*         0x08000212        0x2 
 .text          0x08000214      0x360 object/kfloat.o
                0x08000214                __aeabi_f2d
                0x080002da                __aeabi_d2f
                0x08000360                __aeabi_d2iz
                0x080003f6                __aeabi_d2i
                0x0800048c                get_decimal_part
 .text          0x08000574      0x16c object/cm4.o
                0x08000574                __SysTick_init
                0x080005c0                __sysTick_enable
                0x080005ec                __sysTick_disable
                0x08000618                __getSysTickCount
                0x08000630                __updateSysTick
                0x08000688                __getTime
                0x080006bc                __enable_fpu
 .text          0x080006e0      0x368 object/kstring.o
                0x080006e0                __str_to_num
                0x080007a0                __reverse_str
                0x080007fe                __strlen
                0x0800082c                convert
                0x08000884                float2str
                0x08000950                str2float
 .text          0x08000a48      0x1a8 object/kmain.o
                0x08000a48                GPIO_Config
                0x08000a78                Interrupt_Config
                0x08000ad8                kmain
 .text          0x08000bf0      0x160 object/stm32_startup.o
                0x08000bf0                Reset_Handler
                0x08000ca8                FLASH_Handler
                0x08000ca8                SPI4_Handler
                0x08000ca8                DMA2_Stream7_Handler
                0x08000ca8                OTG_HS_Handler
                0x08000ca8                OTG_FS_WKUP_Handler
                0x08000ca8                DMA2_Stream3_Handler
                0x08000ca8                OTG_HS_WKUP_Handler
                0x08000ca8                USART3_Handler
                0x08000ca8                PendSV_Handler
                0x08000ca8                NMI_Handler
                0x08000ca8                SAI1_Handler
                0x08000ca8                TIM6_DAC_Handler
                0x08000ca8                CAN1_RX1_Handler
                0x08000ca8                EXTI15_10_Handler
                0x08000ca8                ADC_Handler
                0x08000ca8                I2C1_EV_Handler
                0x08000ca8                TAMP_STAMP_Handler
                0x08000ca8                I2C3_ER_Handler
                0x08000ca8                WWDG_Handler
                0x08000ca8                EXTI4_Handler
                0x08000ca8                I2C3_EV_Handler
                0x08000ca8                DMA1_Stream1_Handler
                0x08000ca8                DMA2_Stream4_Handler
                0x08000ca8                DMA1_Stream7_Handler
                0x08000ca8                OTG_FS_Handler
                0x08000ca8                TIM1_BRK_TIM9_Handler
                0x08000ca8                I2C1_ER_Handler
                0x08000ca8                DMA1_Stream3_Handler
                0x08000ca8                UsageFault_Handler
                0x08000ca8                TIM1_UP_TIM10_Handler
                0x08000ca8                CAN1_RX0_Handler
                0x08000ca8                TIM1_CC_Handler
                0x08000ca8                I2C2_ER_Handler
                0x08000ca8                USART6_Handler
                0x08000ca8                TIM8_CC_Handler
                0x08000ca8                HDMI_CEC_Handler
                0x08000ca8                SAI2_Handler
                0x08000ca8                CAN1_SCE_Handler
                0x08000ca8                DMA1_Stream0_Handler
                0x08000ca8                OTG_HS_EP1_OUT_Handler
                0x08000ca8                EXTI1_Handler
                0x08000ca8                RTC_WKUP_Handler
                0x08000ca8                FMC_Handler
                0x08000ca8                EXTI3_Handler
                0x08000ca8                EXTI2_Handler
                0x08000ca8                UART4_Handler
                0x08000ca8                CAN2_RX1_Handler
                0x08000ca8                EXTI9_5_Handler
                0x08000ca8                TIM2_Handler
                0x08000ca8                USART1_Handler
                0x08000ca8                CAN2_SCE_Handler
                0x08000ca8                TIM3_Handler
                0x08000ca8                DMA2_Stream6_Handler
                0x08000ca8                Default_Handler
                0x08000ca8                DCMI_Handler
                0x08000ca8                TIM1_TRG_COM_TIM11_Handler
                0x08000ca8                RTC_Alarm_Handler
                0x08000ca8                TIM4_Handler
                0x08000ca8                TIM8_UP_TIM13_Handler
                0x08000ca8                CAN2_TX_Handler
                0x08000ca8                SPI2_Handler
                0x08000ca8                DMA2_Stream1_Handler
                0x08000ca8                DMA1_Stream2_Handler
                0x08000ca8                DebugMonitor_Handler
                0x08000ca8                DMA1_Stream4_Handler
                0x08000ca8                TIM8_BRK_TIM12_Handler
                0x08000ca8                CAN2_RX0_Handler
                0x08000ca8                DMA2_Stream5_Handler
                0x08000ca8                DMA1_Stream6_Handler
                0x08000ca8                SDIO_Handler
                0x08000ca8                FMPI2C1_ERR_Handler
                0x08000ca8                USART2_Handler
                0x08000ca8                SPI1_Handler
                0x08000ca8                I2C2_EV_Handler
                0x08000ca8                SPDIF_Rx_Handler
                0x08000ca8                DMA2_Stream2_Handler
                0x08000ca8                SPI3_Handler
                0x08000ca8                DMA2_Stream0_Handler
                0x08000ca8                RCC_Handler
                0x08000ca8                PVD_Handler
                0x08000ca8                UART5_Handler
                0x08000ca8                DMA1_Stream5_Handler
                0x08000ca8                TIM5_Handler
                0x08000ca8                QuadSPI_Handler
                0x08000ca8                TIM7_Handler
                0x08000ca8                TIM8_TRG_COM_TIM14_Handler
                0x08000ca8                CAN1_TX_Handler
                0x08000ca8                FPU_Handler
                0x08000ca8                FMPI2C1_Handler
                0x08000ca8                OTG_HS_EP1_IN_Handler
                0x08000cae                HardFault_Handler
                0x08000cd8                MemManage_Handler
                0x08000cde                BusFault_Handler
                0x08000ce4                SVCall_Handler
                0x08000cf2                EXTI0_Handler
                0x08000d20                SysTick_Handler
 .text          0x08000d50      0x3a0 object/sys.o
                0x08000d50                __NVIC_SetPriority
                0x08000da4                __NVIC_GetPriority
                0x08000df4                __NVIC_EnableIRQn
                0x08000e50                __NVIC_DisableIRQn
                0x08000eb0                __disable_irq
                0x08000ec6                __set_BASEPRI
                0x08000ef4                get_basepri_value
                0x08000f10                __unset_BASEPRI
                0x08000f34                __enable_irq
                0x08000f4a                __set_PRIMASK
                0x08000f66                get_PRIMASK
                0x08000f82                __enable_fault_irq
                0x08000f98                __set_FAULTMASK
                0x08000fb4                __disable_fault_irq
                0x08000fca                __get_FAULTMASK
                0x08000fe6                __clear_pending_IRQn
                0x08001048                __get_pending_IRQn
                0x0800109c                __NVIC_GetActive
 .text          0x080010f0       0xbc object/clock.o
                0x080010f0                DRV_CLOCK_INIT
 .text          0x080011ac      0x214 object/usart.o
                0x080011ac                DRV_USART_INIT
                0x08001268                UART_SendChar
                0x08001296                _USART_WRITE
                0x080012c4                _USART_READ
                0x08001320                UART_GetChar
                0x0800134a                _USART_READ_STR
 .text          0x080013c0       0x20 object/gpio.o
                0x080013c0                DRV_GPIO_INIT
 .text          0x080013e0        0xe object/timer.o
                0x080013e0                DRV_TIMER_INIT
 *fill*         0x080013ee        0x2 
 .text          0x080013f0      0x314 object/kstdio.o
                0x080013f0                kprintf
                0x08001580                kscanf
 .text          0x08001704      0x7d8 object/se7en_segment.o
                0x08001704                se7en_seg_init
                0x080017ec                se7en_seg_print
 .text          0x08001edc       0x40 object/sys_init.o
                0x08001edc                __sys_init
 .text          0x08001f1c        0x0 object/unistd.o
 .text          0x08001f1c        0x0 object/times.o
 .text          0x08001f1c        0x0 object/kunistd.o
 .text          0x08001f1c        0x0 object/ktimes.o
 .text          0x08001f1c       0x5e object/syscall.o
                0x08001f1c                syscall
 *fill*         0x08001f7a        0x2 
 .text          0x08001f7c       0x98 object/test_interrupt.o
                0x08001f7c                enable_hardfault_event
                0x08001fac                enableSysTickInterrupt
                0x08001fd0                disableSysTickInterrupt
                0x08001ff4                reboot
 *(.rodata)
 .rodata        0x08002014      0x17f object/kmain.o
 *fill*         0x08002193        0x1 
 .rodata        0x08002194       0x90 object/stm32_startup.o
 .rodata        0x08002224       0x54 object/sys.o
 .rodata        0x08002278       0x37 object/sys_init.o
 *fill*         0x080022af        0x1 
 .rodata        0x080022b0      0x6f8 object/syscall.o
                0x080028a0                sys_errlist
                0x080029a4                sys_nerr
 .rodata        0x080029a8       0x46 object/test_interrupt.o
                0x080029f0                . = ALIGN (0x4)
 *fill*         0x080029ee        0x2 
                0x080029f0                _etext = .
                0x080029f0                _la_data = LOADADDR (.data)

.glue_7         0x080029f0        0x0
 .glue_7        0x080029f0        0x0 linker stubs

.glue_7t        0x080029f0        0x0
 .glue_7t       0x080029f0        0x0 linker stubs

.vfp11_veneer   0x080029f0        0x0
 .vfp11_veneer  0x080029f0        0x0 linker stubs

.v4_bx          0x080029f0        0x0
 .v4_bx         0x080029f0        0x0 linker stubs

.iplt           0x080029f0        0x0
 .iplt          0x080029f0        0x0 object/cm4.o

.rel.dyn        0x080029f0        0x0
 .rel.iplt      0x080029f0        0x0 object/cm4.o

.data           0x20000000       0x34 load address 0x080029f0
                0x20000000                _sdata = .
 *(.data)
 .data          0x20000000        0x0 object/kmath.o
 .data          0x20000000        0x0 object/kfloat.o
 .data          0x20000000        0x0 object/cm4.o
 .data          0x20000000       0x25 object/kstring.o
 .data          0x20000025        0x0 object/kmain.o
 .data          0x20000025        0x0 object/stm32_startup.o
 .data          0x20000025        0x0 object/sys.o
 .data          0x20000025        0x0 object/clock.o
 .data          0x20000025        0x0 object/usart.o
 .data          0x20000025        0x0 object/gpio.o
 .data          0x20000025        0x0 object/timer.o
 .data          0x20000025        0x0 object/kstdio.o
 .data          0x20000025        0x7 object/se7en_segment.o
                0x20000025                top
                0x20000026                top_left
                0x20000027                top_right
                0x20000028                middle
                0x20000029                bottom
                0x2000002a                bottom_left
                0x2000002b                bottom_right
 .data          0x2000002c        0x0 object/sys_init.o
 .data          0x2000002c        0x0 object/unistd.o
 .data          0x2000002c        0x0 object/times.o
 .data          0x2000002c        0x0 object/kunistd.o
 .data          0x2000002c        0x0 object/ktimes.o
 .data          0x2000002c        0x0 object/syscall.o
 .data          0x2000002c        0x8 object/test_interrupt.o
                0x2000002c                clockChoice
                0x20000030                clockRateMHz
                0x20000034                . = ALIGN (0x4)
                0x20000034                _edata = .

.igot.plt       0x20000034        0x0 load address 0x08002a24
 .igot.plt      0x20000034        0x0 object/cm4.o

.bss            0x20000034       0x48 load address 0x08002a24
                0x20000034                _sbss = .
 *(.bss)
 .bss           0x20000034        0x0 object/kmath.o
 .bss           0x20000034        0x0 object/kfloat.o
 .bss           0x20000034        0x4 object/cm4.o
 .bss           0x20000038       0x32 object/kstring.o
 .bss           0x2000006a        0x0 object/kmain.o
 *fill*         0x2000006a        0x2 
 .bss           0x2000006c        0xc object/stm32_startup.o
                0x2000006c                _bss_size
                0x20000070                _data_size
                0x20000074                _text_size
 .bss           0x20000078        0x0 object/sys.o
 .bss           0x20000078        0x0 object/clock.o
 .bss           0x20000078        0x0 object/usart.o
 .bss           0x20000078        0x0 object/gpio.o
 .bss           0x20000078        0x0 object/timer.o
 .bss           0x20000078        0x0 object/kstdio.o
 .bss           0x20000078        0x0 object/se7en_segment.o
 .bss           0x20000078        0x0 object/sys_init.o
 .bss           0x20000078        0x0 object/unistd.o
 .bss           0x20000078        0x0 object/times.o
 .bss           0x20000078        0x0 object/kunistd.o
 .bss           0x20000078        0x0 object/ktimes.o
 .bss           0x20000078        0x0 object/syscall.o
 .bss           0x20000078        0x4 object/test_interrupt.o
                0x20000078                hardfault_event_enabled
                0x2000007c                _ebss = .
OUTPUT(target/duos elf32-littlearm)
LOAD linker stubs

.comment        0x00000000       0x49
 .comment       0x00000000       0x49 object/kmath.o
                                 0x4a (size before relaxing)
 .comment       0x00000049       0x4a object/kfloat.o
 .comment       0x00000049       0x4a object/cm4.o
 .comment       0x00000049       0x4a object/kstring.o
 .comment       0x00000049       0x4a object/kmain.o
 .comment       0x00000049       0x4a object/stm32_startup.o
 .comment       0x00000049       0x4a object/sys.o
 .comment       0x00000049       0x4a object/clock.o
 .comment       0x00000049       0x4a object/usart.o
 .comment       0x00000049       0x4a object/gpio.o
 .comment       0x00000049       0x4a object/timer.o
 .comment       0x00000049       0x4a object/kstdio.o
 .comment       0x00000049       0x4a object/se7en_segment.o
 .comment       0x00000049       0x4a object/sys_init.o
 .comment       0x00000049       0x4a object/unistd.o
 .comment       0x00000049       0x4a object/times.o
 .comment       0x00000049       0x4a object/kunistd.o
 .comment       0x00000049       0x4a object/ktimes.o
 .comment       0x00000049       0x4a object/syscall.o
 .comment       0x00000049       0x4a object/test_interrupt.o

.ARM.attributes
                0x00000000       0x32
 .ARM.attributes
                0x00000000       0x32 object/kmath.o
 .ARM.attributes
                0x00000032       0x32 object/kfloat.o
 .ARM.attributes
                0x00000064       0x32 object/cm4.o
 .ARM.attributes
                0x00000096       0x32 object/kstring.o
 .ARM.attributes
                0x000000c8       0x32 object/kmain.o
 .ARM.attributes
                0x000000fa       0x32 object/stm32_startup.o
 .ARM.attributes
                0x0000012c       0x32 object/sys.o
 .ARM.attributes
                0x0000015e       0x32 object/clock.o
 .ARM.attributes
                0x00000190       0x32 object/usart.o
 .ARM.attributes
                0x000001c2       0x32 object/gpio.o
 .ARM.attributes
                0x000001f4       0x32 object/timer.o
 .ARM.attributes
                0x00000226       0x32 object/kstdio.o
 .ARM.attributes
                0x00000258       0x32 object/se7en_segment.o
 .ARM.attributes
                0x0000028a       0x32 object/sys_init.o
 .ARM.attributes
                0x000002bc       0x32 object/unistd.o
 .ARM.attributes
                0x000002ee       0x32 object/times.o
 .ARM.attributes
                0x00000320       0x32 object/kunistd.o
 .ARM.attributes
                0x00000352       0x32 object/ktimes.o
 .ARM.attributes
                0x00000384       0x32 object/syscall.o
 .ARM.attributes
                0x000003b6       0x32 object/test_interrupt.o
